Detecting compiler hash for triplet x64-windows...
Compiler found: C:/Program Files/Microsoft Visual Studio/2022/Community/VC/Tools/MSVC/14.44.35207/bin/Hostx64/x64/cl.exe
The following packages are already installed:
  * brotli:x64-windows@1.2.0
  * c-ares:x64-windows@1.34.8
  * fmt:x64-windows@12.2.0#1
    gtest:x64-windows@1.18.0
  * jsoncpp:x64-windows@1.9.6
    libsodium:x64-windows@1.0.22#1
  * lz4:x64-windows@1.10.0
    nlohmann-json:x64-windows@3.12.0#2
  * openssl:x64-windows@3.6.4
  * pkgconf:x64-windows@3.0.3
    spdlog[core,tz-offset,fmt]:x64-windows@1.17.0#1
  * trantor:x64-windows@1.5.28
  * vcpkg-cmake:x64-windows@2025-08-07
  * vcpkg-cmake-config:x64-windows@2026-07-21
  * vcpkg-cmake-get-vars:x64-windows@2025-05-29
  * vcpkg-make:x64-windows@2026-07-09
  * vcpkg-msbuild:x64-windows@2023-08-08
  * vcpkg-pkgconfig-get-modules:x64-windows@2024-04-03
  * vcpkg-tool-meson:x64-windows@1.9.0#10
  * zlib:x64-windows@1.3.2#2
The following packages will be built and installed:
    drogon[core,orm,postgres]:x64-windows@1.9.13#2
  * libpq[core,lz4,openssl,zlib]:x64-windows@18.4
Additional packages (*) will be modified to complete this operation.
Restored 2 package(s) from C:\Users\Dell\AppData\Local\vcpkg\archives in 1.8 s. Use --debug to see more details.
Installing 1/2 libpq[core,lz4,openssl,zlib]:x64-windows@18.4...
libpq[core,lz4,openssl,zlib]:x64-windows@18.4 package ABI: 1c2bb840dfc49f21c27cf3bfd24e5a5ded8abfe31efeb81e0a5da3b05f7ed90c
Elapsed time to handle libpq:x64-windows: 241 ms
Installing 2/2 drogon[core,orm,postgres]:x64-windows@1.9.13#2...
drogon[core,orm,postgres]:x64-windows@1.9.13#2 package ABI: 82dbb8e7d5f29553621ac99643ef725512a4e5dc7767c18cbc0cf1bc110e7a5b
Elapsed time to handle drogon:x64-windows: 42.2 ms
Installed contents are licensed to you by owners. Microsoft is not responsible for, nor does it grant any licenses to, third-party packages.
Packages installed in this vcpkg installation declare the following licenses:
BSD-3-Clause
MIT
PostgreSQL
The package drogon provides CMake targets:

    find_package(Drogon CONFIG REQUIRED)
    target_link_libraries(main PRIVATE Drogon::Drogon)

The package gtest is compatible with built-in CMake targets:

    enable_testing()
    
    find_package(GTest CONFIG REQUIRED)
    target_link_libraries(main PRIVATE GTest::gtest GTest::gtest_main GTest::gmock GTest::gmock_main)
    
    add_test(AllTestsInMain main)

libsodium provides CMake targets:

  # this is heuristically generated, and may not be correct
  find_package(unofficial-sodium CONFIG REQUIRED)
  target_link_libraries(main PRIVATE unofficial-sodium::sodium)

libsodium provides pkg-config modules:

  # A modern and easy-to-use crypto library
  libsodium

The package nlohmann-json provides CMake targets:

    find_package(nlohmann_json CONFIG REQUIRED)
    target_link_libraries(main PRIVATE nlohmann_json::nlohmann_json)

The package nlohmann-json can be configured to not provide implicit conversions via a custom triplet file:

    set(nlohmann-json_IMPLICIT_CONVERSIONS OFF)

For more information, see the docs here:
    
    https://json.nlohmann.me/api/macros/json_use_implicit_conversions/

The package spdlog provides CMake targets:

    find_package(spdlog CONFIG REQUIRED)
    target_link_libraries(main PRIVATE spdlog::spdlog)

    # Or use the header-only version
    find_package(spdlog CONFIG REQUIRED)
    target_link_libraries(main PRIVATE spdlog::spdlog_header_only)

All requested installations completed successfully in: 295 ms
